kotlin version: 2.1.20
error message: java.lang.OutOfMemoryError: Java heap space
	at java.base/java.util.Arrays.copyOfRange(Unknown Source)
	at java.base/java.lang.String.<init>(Unknown Source)
	at java.base/java.lang.StringBuilder.toString(Unknown Source)
	at androidx.compose.compiler.plugins.kotlin.lower.DurableKeyVisitor.buildPath(DurableKeyVisitor.kt:179)
	at androidx.compose.compiler.plugins.kotlin.lower.DurableKeyTransformer.buildKey(DurableKeyTransformer.kt:60)
	at androidx.compose.compiler.plugins.kotlin.lower.DurableKeyTransformer.buildKey$default(DurableKeyTransformer.kt:56)
	at androidx.compose.compiler.plugins.kotlin.lower.DurableFunctionKeyTransformer.visitSimpleFunction(DurableFunctionKeyTransformer.kt:136)
	at org.jetbrains.kotlin.ir.visitors.IrElementTransformerVoid.visitSimpleFunction(IrElementTransformerVoid.kt:137)
	at org.jetbrains.kotlin.ir.visitors.IrElementTransformerVoid.visitSimpleFunction(IrElementTransformerVoid.kt:19)
	at org.jetbrains.kotlin.ir.declarations.IrSimpleFunction.accept(IrSimpleFunction.kt:39)
	at org.jetbrains.kotlin.ir.IrElementBase.transform(IrElementBase.kt:34)
	at org.jetbrains.kotlin.ir.expressions.IrFunctionExpression.transformChildren(IrFunctionExpression.kt:31)
	at org.jetbrains.kotlin.ir.visitors.IrElementTransformerVoid.visitExpression(IrElementTransformerVoid.kt:172)
	at org.jetbrains.kotlin.ir.visitors.IrElementTransformerVoid.visitFunctionExpression(IrElementTransformerVoid.kt:442)
	at org.jetbrains.kotlin.ir.visitors.IrElementTransformerVoid.visitFunctionExpression(IrElementTransformerVoid.kt:445)
	at org.jetbrains.kotlin.ir.visitors.IrElementTransformerVoid.visitFunctionExpression(IrElementTransformerVoid.kt:19)
	at org.jetbrains.kotlin.ir.expressions.IrFunctionExpression.accept(IrFunctionExpression.kt:24)
	at org.jetbrains.kotlin.ir.expressions.IrExpression.transform(IrExpression.kt:23)
	at androidx.compose.compiler.plugins.kotlin.lower.DurableKeyTransformer.visitCall$lambda$24$lambda$23(DurableKeyTransformer.kt:214)
	at androidx.compose.compiler.plugins.kotlin.lower.DurableKeyTransformer$$Lambda/0x0000000093cacbb8.invoke(Unknown Source)
	at androidx.compose.compiler.plugins.kotlin.lower.DurableKeyVisitor.enter(DurableKeyVisitor.kt:96)
	at androidx.compose.compiler.plugins.kotlin.lower.DurableKeyTransformer.enter(DurableKeyTransformer.kt:65)
	at androidx.compose.compiler.plugins.kotlin.lower.DurableKeyTransformer.visitCall$lambda$24(DurableKeyTransformer.kt:213)
	at androidx.compose.compiler.plugins.kotlin.lower.DurableKeyTransformer$$Lambda/0x0000000093cac480.invoke(Unknown Source)
	at androidx.compose.compiler.plugins.kotlin.lower.DurableKeyVisitor.enter(DurableKeyVisitor.kt:96)
	at androidx.compose.compiler.plugins.kotlin.lower.DurableKeyTransformer.enter(DurableKeyTransformer.kt:65)
	at androidx.compose.compiler.plugins.kotlin.lower.DurableKeyTransformer.visitCall(DurableKeyTransformer.kt:202)
	at org.jetbrains.kotlin.ir.visitors.IrElementTransformerVoid.visitCall(IrElementTransformerVoid.kt:305)
	at org.jetbrains.kotlin.ir.visitors.IrElementTransformerVoid.visitCall(IrElementTransformerVoid.kt:19)
	at org.jetbrains.kotlin.ir.expressions.IrCall.accept(IrCall.kt:24)
	at org.jetbrains.kotlin.ir.expressions.IrExpression.transform(IrExpression.kt:23)
	at androidx.compose.compiler.plugins.kotlin.lower.DurableKeyTransformer.visitCall$lambda$24$lambda$22(DurableKeyTransformer.kt:207)


